{"calibration_map_version":"calib-v1","forecast_id":"fc-selector-a-0001","intents":[{"action":"buy","cancel_on_move_ticks":null,"execution_style":"cross","idempotency_key":"33f64af79d00fa8465fa8c7841755887322357601e05771b42cf5ed7e99d44d1","implied_probability":620000,"intent_id":"fc-selector-a-0001:yes:buy:sized","market_ticker":"KXFED-24DEC","max_notional":1440000,"outcome":"yes","price":4600,"resting_ttl_seconds":null,"size":300}],"market_ticker":"KXFED-24DEC","reasons":["pass:net_edge_min","pass:annualized_hurdle","pass:ci_straddles_executable_price","pass:quote_snapshot_fresh","pass:forecast_fresh","pass:fee_model_current","pass:market_coherent","pass:citation_support","pass:jurisdiction_eligible","pass:category_eligible","pass:price_within_bands","pass:forecast_live_eligible","sizing: raw_centis=354 g_ppm=800000 binding_cap=none final_centis=300"]}
