{"calibration_map_version":"calib-v2","forecast_id":"fc-selector-b-0002","intents":[],"market_ticker":"KXCPI-25JAN","reasons":["fail:net_edge_min: net_edge_ppm=-146000 min_net_edge_ppm=30000","fail:annualized_hurdle: annualized_ppm=-55510417 hurdle_ppm=240000","fail:ci_straddles_executable_price: ci=[250000,380000] executable_price_ppm=320000","pass:quote_snapshot_fresh","pass:forecast_fresh","pass:fee_model_current","pass:market_coherent","pass:citation_support","pass:jurisdiction_eligible","pass:category_eligible","pass:price_within_bands","fail:forecast_live_eligible: eligible_for_live=False"]}
