{"calibration_map_version":"calib-v1","forecast_id":"fc-selector-a-0001","intents":[{"action":"buy","idempotency_key":"1bcb3f7ded9269ea1be02851f2e0f5605f701d187bd725d36c3af4cd27b9f767","implied_probability":620000,"intent_id":"fc-selector-a-0001:yes:buy:probe","market_ticker":"KXFED-24DEC","max_notional":480000,"outcome":"yes","price":4600,"size":100}],"market_ticker":"KXFED-24DEC","reasons":["pass:net_edge_min","pass:annualized_hurdle","pass:ci_straddles_executable_price","pass:quote_snapshot_fresh","pass:forecast_fresh","pass:fee_model_current","pass:market_coherent","pass:citation_support","pass:jurisdiction_eligible","pass:category_eligible","pass:price_within_bands","pass:forecast_live_eligible"]}
